{
  "reports": [
    {
      "backend": "Canvas 2D \u00b7 software depth buffer",
      "reasons": [],
      "triangles": 2798,
      "stats": {
        "backend": "Canvas 2D \u00b7 software depth buffer",
        "triangles": 2798,
        "segments": 2793,
        "frameMs": 9.900000000023283,
        "uploads": 7
      },
      "secure": true,
      "requested": "canvas",
      "executedRequestedBackend": true,
      "capabilities": {
        "webgl2": true,
        "webgpu": true,
        "adapter": {
          "vendor": "google",
          "architecture": "swiftshader",
          "device": "",
          "description": ""
        },
        "glRenderer": "ANGLE (Google, Vulkan 1.3.0 (SwiftShader Device (Subzero) (0x0000C0DE)), SwiftShader driver)"
      },
      "physicalDevice": false,
      "browserVersion": "143.0.7499.4",
      "launchArguments": [
        "--no-sandbox",
        "--use-angle=swiftshader",
        "--enable-unsafe-webgpu",
        "--enable-unsafe-swiftshader",
        "--enable-gpu",
        "--enable-features=Vulkan",
        "--use-vulkan=swiftshader"
      ],
      "filledMaskIoU": 1.0,
      "flatInteriorAgreement": 1.0,
      "stableGeometryUploads": true
    },
    {
      "backend": "WebGL2",
      "reasons": [],
      "triangles": 2798,
      "stats": {
        "backend": "WebGL2",
        "triangles": 2798,
        "segments": 2793,
        "frameMs": 0.20000000001164153,
        "uploads": 7
      },
      "secure": true,
      "requested": "webgl2",
      "executedRequestedBackend": true,
      "capabilities": {
        "webgl2": true,
        "webgpu": true,
        "adapter": {
          "vendor": "google",
          "architecture": "swiftshader",
          "device": "",
          "description": ""
        },
        "glRenderer": "ANGLE (Google, Vulkan 1.3.0 (SwiftShader Device (Subzero) (0x0000C0DE)), SwiftShader driver)"
      },
      "physicalDevice": false,
      "browserVersion": "143.0.7499.4",
      "launchArguments": [
        "--no-sandbox",
        "--use-angle=swiftshader",
        "--enable-unsafe-webgpu",
        "--enable-unsafe-swiftshader",
        "--enable-gpu",
        "--enable-features=Vulkan",
        "--use-vulkan=swiftshader"
      ],
      "contextRestore": true,
      "filledMaskIoU": 0.9656711519527404,
      "flatInteriorAgreement": 1.0,
      "stableGeometryUploads": true
    },
    {
      "backend": "WebGPU",
      "reasons": [],
      "triangles": 2798,
      "stats": {
        "backend": "WebGPU",
        "triangles": 2798,
        "segments": 2793,
        "frameMs": 0.09999999997671694,
        "uploads": 4
      },
      "secure": true,
      "requested": "webgpu",
      "executedRequestedBackend": true,
      "capabilities": {
        "webgl2": true,
        "webgpu": true,
        "adapter": {
          "vendor": "google",
          "architecture": "swiftshader",
          "device": "",
          "description": ""
        },
        "glRenderer": "ANGLE (Google, Vulkan 1.3.0 (SwiftShader Device (Subzero) (0x0000C0DE)), SwiftShader driver)"
      },
      "physicalDevice": false,
      "browserVersion": "143.0.7499.4",
      "launchArguments": [
        "--no-sandbox",
        "--use-angle=swiftshader",
        "--enable-unsafe-webgpu",
        "--enable-unsafe-swiftshader",
        "--enable-gpu",
        "--enable-features=Vulkan",
        "--use-vulkan=swiftshader"
      ],
      "deviceLossFallback": "WebGL2",
      "filledMaskIoU": 0.9651855245075585,
      "flatInteriorAgreement": 1.0,
      "stableGeometryUploads": true
    }
  ],
  "errors": []
}
