[
  {
    "requested": "canvas",
    "errors": [],
    "data": {
      "app": true,
      "stats": {
        "backend": "Canvas 2D",
        "frameMs": 2.8999999999941792,
        "buildMs": 3.3999999999941792,
        "segments": 266,
        "entities": 39,
        "draws": 2,
        "compositor": "Canvas 2D"
      },
      "rendererMessage": "",
      "entities": 39,
      "canvas": {
        "x": 570.625,
        "y": 358.8,
        "scale": 0.7528857479387515,
        "width": 939,
        "height": 766,
        "clipInset": 22
      },
      "scroll": 1440,
      "inner": 1440
    }
  },
  {
    "requested": "webgl2",
    "errors": [],
    "data": {
      "app": true,
      "stats": {
        "backend": "WebGL2",
        "frameMs": 2.7999999999883585,
        "buildMs": 6.400000000023283,
        "segments": 266,
        "entities": 39,
        "draws": 2,
        "compositor": "WebGL2"
      },
      "rendererMessage": "",
      "entities": 39,
      "canvas": {
        "x": 570.625,
        "y": 358.8,
        "scale": 0.7528857479387515,
        "width": 939,
        "height": 766,
        "clipInset": 22
      },
      "scroll": 1440,
      "inner": 1440
    }
  },
  {
    "requested": "webgpu",
    "errors": [],
    "data": {
      "app": true,
      "stats": {
        "backend": "WebGL2",
        "frameMs": 3.2000000000116415,
        "buildMs": 3.1000000000058208,
        "segments": 266,
        "entities": 39,
        "draws": 2,
        "compositor": "WebGL2"
      },
      "rendererMessage": "GPUBackend: WebGPU API unavailable; ",
      "entities": 39,
      "canvas": {
        "x": 570.625,
        "y": 358.8,
        "scale": 0.7528857479387515,
        "width": 939,
        "height": 766,
        "clipInset": 22
      },
      "scroll": 1440,
      "inner": 1440
    }
  },
  {
    "mobile": true,
    "errors": [],
    "overflow": false,
    "stats": {
      "backend": "Canvas 2D",
      "frameMs": 4,
      "buildMs": 3.3999999999941792,
      "segments": 252,
      "entities": 39,
      "draws": 2,
      "compositor": "Canvas 2D"
    }
  }
]
