[
  {
    "file": "samples/drawing-tools.dxf",
    "ezdxfVersion": "1.4.4",
    "dxfVersion": "AC1024",
    "entities": 56,
    "errors": [],
    "fixes": []
  },
  {
    "file": "samples/electrical.dxf",
    "ezdxfVersion": "1.4.4",
    "dxfVersion": "AC1024",
    "entities": 23,
    "errors": [],
    "fixes": []
  },
  {
    "file": "samples/flow.dxf",
    "ezdxfVersion": "1.4.4",
    "dxfVersion": "AC1024",
    "entities": 20,
    "errors": [],
    "fixes": []
  },
  {
    "file": "samples/pid.dxf",
    "ezdxfVersion": "1.4.4",
    "dxfVersion": "AC1024",
    "entities": 39,
    "errors": [],
    "fixes": []
  }
]
