{
  "reports": [
    {
      "backend": "Canvas 2D \u00b7 software depth buffer",
      "reasons": [],
      "triangles": 2798,
      "stats": {
        "backend": "Canvas 2D \u00b7 software depth buffer",
        "style": "shaded",
        "triangles": 2798,
        "segments": 2793,
        "frameMs": 26.600000000093132,
        "uploads": 5,
        "passes": 2,
        "estimatedAttachmentBytes": 17876544,
        "capTriangles": 0
      },
      "secure": true,
      "requested": "canvas",
      "executedRequestedBackend": true,
      "capabilities": {
        "webgl2": true,
        "webgpu": true,
        "adapter": {
          "vendor": "google",
          "architecture": "swiftshader",
          "device": "",
          "description": ""
        },
        "glRenderer": "ANGLE (Google, Vulkan 1.3.0 (SwiftShader Device (Subzero) (0x0000C0DE)), SwiftShader driver)"
      },
      "physicalDevice": false,
      "browserVersion": "143.0.7499.4",
      "launchArguments": [
        "--no-sandbox",
        "--use-angle=swiftshader",
        "--enable-unsafe-webgpu",
        "--enable-unsafe-swiftshader",
        "--enable-gpu",
        "--enable-features=Vulkan",
        "--use-vulkan=swiftshader"
      ],
      "capture": "production capturePNG, annotations disabled",
      "postPresentationCaptures": 3,
      "filledMaskIoU": 1.0,
      "flatInteriorAgreement": 1.0,
      "stableGeometryUploads": true
    },
    {
      "backend": "WebGL2",
      "reasons": [],
      "triangles": 2798,
      "stats": {
        "backend": "WebGL2",
        "style": "shaded",
        "triangles": 2798,
        "segments": 2793,
        "frameMs": 0.10000000009313226,
        "uploads": 5,
        "passes": 2,
        "estimatedAttachmentBytes": 17876544,
        "capTriangles": 0
      },
      "secure": true,
      "requested": "webgl2",
      "executedRequestedBackend": true,
      "capabilities": {
        "webgl2": true,
        "webgpu": true,
        "adapter": {
          "vendor": "google",
          "architecture": "swiftshader",
          "device": "",
          "description": ""
        },
        "glRenderer": "ANGLE (Google, Vulkan 1.3.0 (SwiftShader Device (Subzero) (0x0000C0DE)), SwiftShader driver)"
      },
      "physicalDevice": false,
      "browserVersion": "143.0.7499.4",
      "launchArguments": [
        "--no-sandbox",
        "--use-angle=swiftshader",
        "--enable-unsafe-webgpu",
        "--enable-unsafe-swiftshader",
        "--enable-gpu",
        "--enable-features=Vulkan",
        "--use-vulkan=swiftshader"
      ],
      "capture": "production capturePNG, annotations disabled",
      "postPresentationCaptures": 3,
      "contextRestore": true,
      "filledMaskIoU": 0.9904488378306171,
      "flatInteriorAgreement": 1.0,
      "stableGeometryUploads": true
    },
    {
      "backend": "WebGPU",
      "reasons": [],
      "triangles": 2798,
      "stats": {
        "backend": "WebGPU",
        "style": "shaded",
        "triangles": 2798,
        "segments": 2793,
        "frameMs": 0.39999999990686774,
        "uploads": 3,
        "passes": 2,
        "estimatedAttachmentBytes": 17876544,
        "capTriangles": 0
      },
      "secure": true,
      "requested": "webgpu",
      "executedRequestedBackend": true,
      "capabilities": {
        "webgl2": true,
        "webgpu": true,
        "adapter": {
          "vendor": "google",
          "architecture": "swiftshader",
          "device": "",
          "description": ""
        },
        "glRenderer": "ANGLE (Google, Vulkan 1.3.0 (SwiftShader Device (Subzero) (0x0000C0DE)), SwiftShader driver)"
      },
      "physicalDevice": false,
      "browserVersion": "143.0.7499.4",
      "launchArguments": [
        "--no-sandbox",
        "--use-angle=swiftshader",
        "--enable-unsafe-webgpu",
        "--enable-unsafe-swiftshader",
        "--enable-gpu",
        "--enable-features=Vulkan",
        "--use-vulkan=swiftshader"
      ],
      "capture": "production capturePNG, annotations disabled",
      "postPresentationCaptures": 3,
      "deviceLossFallback": "WebGL2",
      "filledMaskIoU": 0.9900818166638838,
      "flatInteriorAgreement": 1.0,
      "stableGeometryUploads": true
    }
  ],
  "errors": []
}
