default planar and spatial inspection need no compatibility flags
2D native edit is non-modal
preview and real document are different objects
actual endpoint pointer drag changes native preview
drag is isolated from real document/history
Undo draft restores preview endpoint
Redo draft replays endpoint
length expression evaluated live
Apply is one real history transaction
length formula persists on native LINE
drawing undo restores original native geometry
line actual ascii DXF download
line actual binary DXF download
unchanged geometry apply produces no undo record
numeric typing creates actual native circle preview
invalid radius clears preview and disables Apply
invalid exact input is marked and source unchanged
oversized input cannot apply a stale valid value
Keep value rejects oversized input
Revert value restores last exact state
radius drag retains named expression
circle actual ascii DXF download
circle actual binary DXF download
ARC has valid native preview
ARC retains native type
ELLIPSE has valid native preview
ELLIPSE retains native type
angle handle at its center invalidates the complete draft
keyboard Apply cannot resurrect a pre-error geometry preview
SPLINE exact native controls preview
SPLINE is not flattened
rational spline weights retained
spline actual ascii DXF download
spline actual binary DXF download
LWPOLYLINE exact native controls preview
LWPOLYLINE is not flattened
lwpolyline actual ascii DXF download
lwpolyline actual binary DXF download
HATCH exact native controls preview
HATCH is not flattened
hatch actual ascii DXF download
hatch actual binary DXF download
TEXT typing updates preview not document
TEXT keeps native text and height
text actual ascii DXF download
text actual binary DXF download
MTEXT typing updates preview not document
MTEXT keeps native text and height
mtext actual ascii DXF download
mtext actual binary DXF download
managed dimension picture regenerates without flattening
dimension actual ascii DXF download
dimension actual binary DXF download
driving constraint updated only in preview
solver-produced line length is 200
visual edit works inside isolated block geometry
shared definition updates after parent Save
visual workshop opens an independent native drawing
native dynamic grip edits through rotated block coordinates
move native copy preview isolated
move Apply creates unique stable native IDs
rotate native copy preview isolated
rotate Apply creates unique stable native IDs
scale native copy preview isolated
scale Apply creates unique stable native IDs
offset native copy preview isolated
offset Apply creates unique stable native IDs
fillet produces native ARC and trimmed lines
fillet actual ascii DXF download
fillet actual binary DXF download
More is a non-modal drawing palette
search filters actual tools
polygon options remain non-modal
invalid tool options block placement
non-modal exact point input creates native polygon
Cancel restores source bytes
Export closes draft and serializes accepted geometry only
concurrent unversioned change prevents commit
document switch discards planar draft
requested spatial backend executes
section is non-modal with real clipping
exact section offset changes renderer only
invalid plane clears draft clipping and disables Apply
actual section handle moves plane
section Cancel restores original unclipped view
section output is native WCS LINE geometry
section actual ascii DXF download
section actual binary DXF download
measurement interface leaves canvas interactive
Point 2 cannot invent a first point
actual surface picking captures WCS point
exact measurement is 3-4-12 distance 13
measured guide Apply creates native spatial line
measurement actual ascii DXF download
measurement actual binary DXF download
appearance panel non-modal
material preset previews isolated document
material expression evaluates live
invalid material clears preview and disables Apply
material commits exact values and one undo record
material undo restores native source
material refresh preserves exact input node
2D mode remains independent after spatial inspection
no uncaught desktop page errors
320×568 planar ribbon in viewport
320×568 [data-planar-command=apply] 44px and visible
320×568 [data-planar-command=cancel] 44px and visible
320×568 inline input readable and bounded
320×568 actual touch radius drag
320×568 keyboard handle nudge
320×568 cancel touch preview restores source
320×568 nonmodal tool palette bounded
320×568 section panel bounded
320×568 section confirmation bounded
320×568 section collapsed view keeps confirmation
320×568 measure panel bounded
320×568 measure confirmation bounded
320×568 measure collapsed view keeps confirmation
320×568 appearance panel bounded
320×568 appearance confirmation bounded
320×568 appearance collapsed view keeps confirmation
390×844 planar ribbon in viewport
390×844 [data-planar-command=apply] 44px and visible
390×844 [data-planar-command=cancel] 44px and visible
390×844 inline input readable and bounded
390×844 actual touch radius drag
390×844 keyboard handle nudge
two-finger takeover reverts only the unfinished 2D handle gesture
pinch and remaining-finger release cannot commit 2D geometry
keyboard-sized viewport retains visible exact input and Apply
390×844 cancel touch preview restores source
390×844 nonmodal tool palette bounded
390×844 section panel bounded
390×844 section confirmation bounded
390×844 section collapsed view keeps confirmation
390×844 measure panel bounded
390×844 measure confirmation bounded
390×844 measure collapsed view keeps confirmation
390×844 appearance panel bounded
390×844 appearance confirmation bounded
390×844 appearance collapsed view keeps confirmation
844×390 planar ribbon in viewport
844×390 [data-planar-command=apply] 44px and visible
844×390 [data-planar-command=cancel] 44px and visible
844×390 inline input readable and bounded
844×390 actual touch radius drag
844×390 keyboard handle nudge
844×390 cancel touch preview restores source
844×390 nonmodal tool palette bounded
844×390 section panel bounded
844×390 section confirmation bounded
844×390 section collapsed view keeps confirmation
844×390 measure panel bounded
844×390 measure confirmation bounded
844×390 measure collapsed view keeps confirmation
844×390 appearance panel bounded
844×390 appearance confirmation bounded
844×390 appearance collapsed view keeps confirmation
1024×768 planar ribbon in viewport
1024×768 [data-planar-command=apply] 44px and visible
1024×768 [data-planar-command=cancel] 44px and visible
1024×768 inline input readable and bounded
1024×768 actual touch radius drag
1024×768 keyboard handle nudge
1024×768 cancel touch preview restores source
1024×768 nonmodal tool palette bounded
1024×768 section panel bounded
1024×768 section confirmation bounded
1024×768 section collapsed view keeps confirmation
1024×768 measure panel bounded
1024×768 measure confirmation bounded
1024×768 measure collapsed view keeps confirmation
1024×768 appearance panel bounded
1024×768 appearance confirmation bounded
1024×768 appearance collapsed view keeps confirmation
no uncaught page errors across all viewports
{"passed": 176, "pageErrors": [], "backend": "canvas"}
