1728x1000 shell has only decorative unfocusable UI SVGs
1728x1000 every primary command is named and has an icon
1728x1000 drawing tool catalogue retains icons and visible names
1728x1000 icon tool activation retains actual drawing behavior
1728x1000 feature timeline selection updates immediately
1728x1000 feature glyph reflects operation, not generic body
1728x1000 native document title and 3D type stay visible
1728x1000 root does not overflow
1728x1000 bounded .model3d-views
1728x1000 bounded .model3d-selection-tools
1728x1000 bounded .model3d-dock
1728x1000 bounded .model3d-timeline
1728x1000 state toggle changes both glyph and label
1728x1000 compact view button executes actual camera command
1728x1000 unchanged sync preserves button, caption and glyph nodes
1728x1000 explicit compact preference collapses only toolbar captions
1728x1000 hole dialog retains visible field captions and confirmation
1728x1000 dialog and footer stay in viewport
1728x1000 geometric property icons map to diameter
1728x1000 guide covers every registered glyph
1728x1000 icon guide filters by meaningful glyph name
1728x1000 user can retain all toolbar captions
1728x1000 label preference persisted separately from drawing
1728x1000 3D tool catalogue has operation-specific glyphs
1728x1000 format icons distinguish native, binary and image outputs
keyboard focus opens a named accessible tooltip
tooltip does not replace unrelated description references
repeated decoration does not duplicate tooltips or restore the suppressed native title
Escape dismisses tooltip but does not cancel its parent dialog
tooltip restores the native title and prior description
second Escape closes the parent dialog
unsupported label preferences reject without changing the active mode
storage denial cannot prevent label preference changes
320x568 shell has only decorative unfocusable UI SVGs
320x568 every primary command is named and has an icon
320x568 drawing tool catalogue retains icons and visible names
320x568 icon tool activation retains actual drawing behavior
320x568 feature timeline selection updates immediately
320x568 feature glyph reflects operation, not generic body
320x568 native document title and 3D type stay visible
320x568 root does not overflow
320x568 bounded .model3d-views
320x568 bounded .model3d-selection-tools
320x568 bounded .model3d-dock
320x568 bounded .model3d-timeline
320x568 compact camera caption remains in accessibility tree
320x568 touch command targets remain at least 44 pixels
320x568 state toggle changes both glyph and label
320x568 compact view button executes actual camera command
320x568 unchanged sync preserves button, caption and glyph nodes
320x568 explicit compact preference collapses only toolbar captions
320x568 hole dialog retains visible field captions and confirmation
320x568 dialog and footer stay in viewport
320x568 geometric property icons map to diameter
320x568 guide covers every registered glyph
320x568 icon guide filters by meaningful glyph name
320x568 user can retain all toolbar captions
320x568 label preference persisted separately from drawing
320x568 preference select retains readable touch text
320x568 3D tool catalogue has operation-specific glyphs
320x568 format icons distinguish native, binary and image outputs
390x844 shell has only decorative unfocusable UI SVGs
390x844 every primary command is named and has an icon
390x844 drawing tool catalogue retains icons and visible names
390x844 icon tool activation retains actual drawing behavior
390x844 feature timeline selection updates immediately
390x844 feature glyph reflects operation, not generic body
390x844 native document title and 3D type stay visible
390x844 root does not overflow
390x844 bounded .model3d-views
390x844 bounded .model3d-selection-tools
390x844 bounded .model3d-dock
390x844 bounded .model3d-timeline
390x844 compact camera caption remains in accessibility tree
390x844 touch command targets remain at least 44 pixels
390x844 state toggle changes both glyph and label
390x844 compact view button executes actual camera command
390x844 unchanged sync preserves button, caption and glyph nodes
390x844 explicit compact preference collapses only toolbar captions
390x844 hole dialog retains visible field captions and confirmation
390x844 dialog and footer stay in viewport
390x844 geometric property icons map to diameter
390x844 guide covers every registered glyph
390x844 icon guide filters by meaningful glyph name
390x844 user can retain all toolbar captions
390x844 label preference persisted separately from drawing
390x844 preference select retains readable touch text
390x844 3D tool catalogue has operation-specific glyphs
390x844 format icons distinguish native, binary and image outputs
844x390 shell has only decorative unfocusable UI SVGs
844x390 every primary command is named and has an icon
844x390 drawing tool catalogue retains icons and visible names
844x390 icon tool activation retains actual drawing behavior
844x390 feature timeline selection updates immediately
844x390 feature glyph reflects operation, not generic body
844x390 native document title and 3D type stay visible
844x390 root does not overflow
844x390 bounded .model3d-views
844x390 bounded .model3d-selection-tools
844x390 bounded .model3d-dock
844x390 bounded .model3d-timeline
844x390 compact camera caption remains in accessibility tree
844x390 touch command targets remain at least 44 pixels
844x390 state toggle changes both glyph and label
844x390 compact view button executes actual camera command
844x390 unchanged sync preserves button, caption and glyph nodes
844x390 explicit compact preference collapses only toolbar captions
844x390 hole dialog retains visible field captions and confirmation
844x390 dialog and footer stay in viewport
844x390 geometric property icons map to diameter
844x390 guide covers every registered glyph
844x390 icon guide filters by meaningful glyph name
844x390 user can retain all toolbar captions
844x390 label preference persisted separately from drawing
844x390 preference select retains readable touch text
844x390 3D tool catalogue has operation-specific glyphs
844x390 format icons distinguish native, binary and image outputs
1024x768 shell has only decorative unfocusable UI SVGs
1024x768 every primary command is named and has an icon
1024x768 drawing tool catalogue retains icons and visible names
1024x768 icon tool activation retains actual drawing behavior
1024x768 feature timeline selection updates immediately
1024x768 feature glyph reflects operation, not generic body
1024x768 native document title and 3D type stay visible
1024x768 root does not overflow
1024x768 bounded .model3d-views
1024x768 bounded .model3d-selection-tools
1024x768 bounded .model3d-dock
1024x768 bounded .model3d-timeline
1024x768 compact camera caption remains in accessibility tree
1024x768 touch command targets remain at least 44 pixels
1024x768 state toggle changes both glyph and label
1024x768 compact view button executes actual camera command
1024x768 unchanged sync preserves button, caption and glyph nodes
1024x768 explicit compact preference collapses only toolbar captions
1024x768 hole dialog retains visible field captions and confirmation
1024x768 dialog and footer stay in viewport
1024x768 geometric property icons map to diameter
1024x768 guide covers every registered glyph
1024x768 icon guide filters by meaningful glyph name
1024x768 user can retain all toolbar captions
1024x768 label preference persisted separately from drawing
1024x768 preference select retains readable touch text
1024x768 3D tool catalogue has operation-specific glyphs
1024x768 format icons distinguish native, binary and image outputs
no uncaught iconography JavaScript errors
{"passed": 146, "errors": []}
